// Jest Snapshot v1, https://goo.gl/fbAQLP

exports[`should render header correctly 1`] = `
<div
  className="makeStyles-root-1"
>
  <h1>
    Travel Planner
  </h1>
</div>
`;
